// Jest Snapshot v1, https://goo.gl/fbAQLP

exports[`withVideo is rendered correctly 1`] = `
<div>
  <video
    alt=""
    className=""
    height={null}
    poster=""
    src=""
    width={null}
  />
</div>
`;
