// Jest Snapshot v1, https://goo.gl/fbAQLP

exports[`VideoPlayer is renderer correctly 1`] = `
<div
  className="small-movie-card__image"
  onMouseEnter={[Function]}
  onMouseLeave={[Function]}
>
  <video
    className="player__video"
    poster="somePath"
    src="somePath"
  />
</div>
`;
